yarn run v1.22.22
$ vitest

 DEV  v3.1.3 /Users/aaron/repos/workout

 ✓ src/components/Login/Login.test.tsx (15 tests) 1545ms
   ✓ Login > disables the login button while the API call is in progress  620ms
   ✓ Login > displays a loading indicator while the API call is in progress  613ms
 ❯ src/components/EditWorkout/EditWorkout.test.tsx (14 tests | 13 failed) 2124ms
   × EditWorkout > renders without crashing 55ms
     → Unable to find an element with the text: Edit Workout. This could be because the text is broken up by multiple elements. In this case, you can provide a function for your text matcher to make your matcher more flexible.

Ignored nodes: comments, script, style
[36m<body>[39m
  [36m<div>[39m
    [36m<div>[39m
      [0mLoading...[0m
    [36m</div>[39m
  [36m</div>[39m
[36m</body>[39m
   ✓ EditWorkout > displays a loading state while fetching the workout details 8ms
   × EditWorkout > displays input fields pre-filled with the workout's existing data 1007ms
     → Unable to find a label with the text of: Date

Ignored nodes: comments, script, style
[36m<body>[39m
  [36m<div>[39m
    [36m<div>[39m
      [0mLoading...[0m
    [36m</div>[39m
  [36m</div>[39m
[36m</body>[39m

Ignored nodes: comments, script, style
[36m<html>[39m
  [36m<head />[39m
  [36m<body>[39m
    [36m<div>[39m
      [36m<div>[39m
        [0mLoading...[0m
      [36m</div>[39m
    [36m</div>[39m
  [36m</body>[39m
[36m</html>[39m
   × EditWorkout > displays an "Update" button 4ms
     → Unable to find an element with the text: Update. This could be because the text is broken up by multiple elements. In this case, you can provide a function for your text matcher to make your matcher more flexible.

Ignored nodes: comments, script, style
[36m<body>[39m
  [36m<div>[39m
    [36m<div>[39m
      [0mLoading...[0m
    [36m</div>[39m
  [36m</div>[39m
[36m</body>[39m
   × EditWorkout > displays a "Cancel" button 5ms
     → Unable to find an element with the text: Cancel. This could be because the text is broken up by multiple elements. In this case, you can provide a function for your text matcher to make your matcher more flexible.

Ignored nodes: comments, script, style
[36m<body>[39m
  [36m<div>[39m
    [36m<div>[39m
      [0mLoading...[0m
    [36m</div>[39m
  [36m</div>[39m
[36m</body>[39m
   × EditWorkout > updates the corresponding state for each input field on change 4ms
     → Unable to find a label with the text of: Sets

Ignored nodes: comments, script, style
[36m<body>[39m
  [36m<div>[39m
    [36m<div>[39m
      [0mLoading...[0m
    [36m</div>[39m
  [36m</div>[39m
[36m</body>[39m
   × EditWorkout > calls the API to update the workout on "Update" button click 4ms
     → Unable to find an element with the text: Update. This could be because the text is broken up by multiple elements. In this case, you can provide a function for your text matcher to make your matcher more flexible.

Ignored nodes: comments, script, style
[36m<body>[39m
  [36m<div>[39m
    [36m<div>[39m
      [0mLoading...[0m
    [36m</div>[39m
  [36m</div>[39m
[36m</body>[39m
   × EditWorkout > redirects to the workout list page after successful workout update 4ms
     → Unable to find an element with the text: Update. This could be because the text is broken up by multiple elements. In this case, you can provide a function for your text matcher to make your matcher more flexible.

Ignored nodes: comments, script, style
[36m<body>[39m
  [36m<div>[39m
    [36m<div>[39m
      [0mLoading...[0m
    [36m</div>[39m
  [36m</div>[39m
[36m</body>[39m
   × EditWorkout > displays validation errors for invalid input 5ms
     → Unable to find a label with the text of: Sets

Ignored nodes: comments, script, style
[36m<body>[39m
  [36m<div>[39m
    [36m<div>[39m
      [0mLoading...[0m
    [36m</div>[39m
  [36m</div>[39m
[36m</body>[39m
   × EditWorkout > disables the "Update" button while the API call is in progress 4ms
     → Unable to find an element with the text: Update. This could be because the text is broken up by multiple elements. In this case, you can provide a function for your text matcher to make your matcher more flexible.

Ignored nodes: comments, script, style
[36m<body>[39m
  [36m<div>[39m
    [36m<div>[39m
      [0mLoading...[0m
    [36m</div>[39m
  [36m</div>[39m
[36m</body>[39m
   × EditWorkout > displays a loading indicator while the API call is in progress 4ms
     → Unable to find an element with the text: Update. This could be because the text is broken up by multiple elements. In this case, you can provide a function for your text matcher to make your matcher more flexible.

Ignored nodes: comments, script, style
[36m<body>[39m
  [36m<div>[39m
    [36m<div>[39m
      [0mLoading...[0m
    [36m</div>[39m
  [36m</div>[39m
[36m</body>[39m
   × EditWorkout > handles errors during workout update 3ms
     → Unable to find an element with the text: Update. This could be because the text is broken up by multiple elements. In this case, you can provide a function for your text matcher to make your matcher more flexible.

Ignored nodes: comments, script, style
[36m<body>[39m
  [36m<div>[39m
    [36m<div>[39m
      [0mLoading...[0m
    [36m</div>[39m
  [36m</div>[39m
[36m</body>[39m
   × EditWorkout > navigates back to the workout list page on "Cancel" button click 4ms
     → Unable to find an element with the text: Cancel. This could be because the text is broken up by multiple elements. In this case, you can provide a function for your text matcher to make your matcher more flexible.

Ignored nodes: comments, script, style
[36m<body>[39m
  [36m<div>[39m
    [36m<div>[39m
      [0mLoading...[0m
    [36m</div>[39m
  [36m</div>[39m
[36m</body>[39m
   × EditWorkout > handles errors if the workout ID in the URL is invalid 1008ms
     → Unable to find an element with the text: Error: Workout not found. This could be because the text is broken up by multiple elements. In this case, you can provide a function for your text matcher to make your matcher more flexible.

Ignored nodes: comments, script, style
[36m<body>[39m
  [36m<div>[39m
    [36m<div>[39m
      [0mLoading...[0m
    [36m</div>[39m
  [36m</div>[39m
[36m</body>[39m

Ignored nodes: comments, script, style
[36m<html>[39m
  [36m<head />[39m
  [36m<body>[39m
    [36m<div>[39m
      [36m<div>[39m
        [0mLoading...[0m
      [36m</div>[39m
    [36m</div>[39m
  [36m</body>[39m
[36m</html>[39m
stdout | src/components/AuthManager/AuthManager.test.tsx > AuthManager > renders without crashing
AuthManager: Component mounted
AuthManager: useEffect triggered
AuthManager: Checking session...
AuthManager: Setting up auth state listener...
AuthManager: getSession result: {
  session: {
    user: {
      id: [32m'5f9452e4-ddca-4b55-99f7-f956be84a46f'[39m,
      email: [32m'user@example.com'[39m
    }
  },
  sessionError: [1mnull[22m
}
AuthManager: Checking user...

stdout | src/components/AuthManager/AuthManager.test.tsx > AuthManager > renders without crashing
AuthManager: getUser result: {
  user: {
    id: [32m'5f9452e4-ddca-4b55-99f7-f956be84a46f'[39m,
    email: [32m'user@example.com'[39m
  },
  authError: [1mnull[22m
}
AuthManager: User authenticated with ID: 5f9452e4-ddca-4b55-99f7-f956be84a46f
AuthManager: Checking users table...

stdout | src/components/AuthManager/AuthManager.test.tsx > AuthManager > renders without crashing
AuthManager: Users table response: { data: { id: [32m'5f9452e4-ddca-4b55-99f7-f956be84a46f'[39m }, error: [1mnull[22m }
AuthManager: User already exists in table
AuthManager: User initialization complete

stdout | src/components/AuthManager/AuthManager.test.tsx > AuthManager > renders without crashing
AuthManager: Component mounted

stdout | src/components/AuthManager/AuthManager.test.tsx > AuthManager > renders without crashing
AuthManager: Cleaning up listener...

stdout | src/components/AuthManager/AuthManager.test.tsx > AuthManager > renders children when authenticated
AuthManager: Component mounted
AuthManager: useEffect triggered
AuthManager: Checking session...
AuthManager: Setting up auth state listener...
AuthManager: getSession result: {
  session: {
    user: {
      id: [32m'5f9452e4-ddca-4b55-99f7-f956be84a46f'[39m,
      email: [32m'user@example.com'[39m
    }
  },
  sessionError: [1mnull[22m
}
AuthManager: Checking user...

stdout | src/components/AuthManager/AuthManager.test.tsx > AuthManager > renders children when authenticated
AuthManager: getUser result: {
  user: {
    id: [32m'5f9452e4-ddca-4b55-99f7-f956be84a46f'[39m,
    email: [32m'user@example.com'[39m
  },
  authError: [1mnull[22m
}
AuthManager: User authenticated with ID: 5f9452e4-ddca-4b55-99f7-f956be84a46f
AuthManager: Checking users table...

stdout | src/components/AuthManager/AuthManager.test.tsx > AuthManager > renders children when authenticated
AuthManager: Users table response: { data: { id: [32m'5f9452e4-ddca-4b55-99f7-f956be84a46f'[39m }, error: [1mnull[22m }
AuthManager: User already exists in table
AuthManager: User initialization complete

stdout | src/components/AuthManager/AuthManager.test.tsx > AuthManager > renders children when authenticated
AuthManager: Component mounted

stdout | src/components/AuthManager/AuthManager.test.tsx > AuthManager > renders children when authenticated
AuthManager: Cleaning up listener...

stdout | src/components/AuthManager/AuthManager.test.tsx > AuthManager > redirects to login when not authenticated
AuthManager: Component mounted
AuthManager: useEffect triggered
AuthManager: Checking session...
AuthManager: Setting up auth state listener...
AuthManager: getSession result: { session: [1mnull[22m, sessionError: [1mnull[22m }
AuthManager: No session found, redirecting to login

stdout | src/components/AuthManager/AuthManager.test.tsx > AuthManager > redirects to login when not authenticated
AuthManager: Cleaning up listener...

 ✓ src/components/AuthManager/AuthManager.test.tsx (3 tests) 67ms
stdout | src/components/WorkoutLogger/WorkoutLogger.test.tsx > WorkoutLogger > disables the "Log Workout" button while the API call is in progress
Workout logged successfully

stdout | src/components/WorkoutLogger/WorkoutLogger.test.tsx > WorkoutLogger > calls the API to create a new workout on "Log Workout" button click
Workout logged successfully

 ✓ src/components/WorkoutLogger/WorkoutLogger.test.tsx (4 tests) 70ms
 ✓ src/components/WorkoutHistory/WorkoutHistory.test.tsx (4 tests) 53ms
 ✓ src/components/ProgressionSuggestion/ProgressionSuggestion.test.tsx (2 tests) 47ms
 ❯ src/components/CreateWorkout/CreateWorkout.test.tsx (13 tests | 6 failed) 6376ms
   ✓ CreateWorkout > renders without crashing 68ms
   ✓ CreateWorkout > displays input fields for workout details 20ms
   ✓ CreateWorkout > displays a "Save" button 15ms
   ✓ CreateWorkout > displays a "Cancel" button 11ms
   ✓ CreateWorkout > updates the corresponding state for each input field on change 39ms
   ✓ CreateWorkout > calls the API to create a new workout on "Save" button click 123ms
   × CreateWorkout > redirects to the workout list page after successful workout creation 1023ms
     → Unable to find an element with the text: Workout List. This could be because the text is broken up by multiple elements. In this case, you can provide a function for your text matcher to make your matcher more flexible.

Ignored nodes: comments, script, style
[36m<body>[39m
  [36m<div>[39m
    [36m<div[39m
      [33mclass[39m=[32m"flex items-center justify-center min-h-screen bg-gray-100"[39m
    [36m>[39m
      [36m<div[39m
        [33mclass[39m=[32m"bg-white p-6 rounded-lg shadow-md w-full max-w-sm"[39m
      [36m>[39m
        [36m<h2[39m
          [33mclass[39m=[32m"text-2xl font-bold mb-4 text-center"[39m
        [36m>[39m
          [0mCreate Workout[0m
        [36m</h2>[39m
        [36m<form>[39m
          [36m<div[39m
            [33mclass[39m=[32m"mb-4"[39m
          [36m>[39m
            [36m<label[39m
              [33mclass[39m=[32m"block text-sm font-medium text-gray-700"[39m
              [33mfor[39m=[32m"date"[39m
            [36m>[39m
              [0mDate[0m
            [36m</label>[39m
            [36m<input[39m
              [33mclass[39m=[32m"mt-1 block w-full p-2 border border-gray-300 rounded-md focus:outline-none focus:ring-2 focus:ring-blue-500"[39m
              [33mid[39m=[32m"date"[39m
              [33mrequired[39m=[32m""[39m
              [33mtype[39m=[32m"text"[39m
              [33mvalue[39m=[32m"2025-05-18"[39m
            [36m/>[39m
          [36m</div>[39m
          [36m<div[39m
            [33mclass[39m=[32m"mb-4"[39m
          [36m>[39m
            [36m<label[39m
              [33mclass[39m=[32m"block text-sm font-medium text-gray-700"[39m
              [33mfor[39m=[32m"type"[39m
            [36m>[39m
              [0mType[0m
            [36m</label>[39m
            [36m<input[39m
              [33mclass[39m=[32m"mt-1 block w-full p-2 border border-gray-300 rounded-md focus:outline-none focus:ring-2 focus:ring-blue-500"[39m
              [33mid[39m=[32m"type"[39m
              [33mtype[39m=[32m"text"[39m
              [33mvalue[39m=[32m"Strength"[39m
            [36m/>[39m
          [36m</div>[39m
          [36m<div[39m
            [33mclass[39m=[32m"mb-4"[39m
          [36m>[39m
            [36m<label[39m
              [33mclass[39m=[32m"block text-sm font-medium text-gray-700"[39m
              [33mfor[39m=[32m"duration"[39m
            [36m>[39m
              [0mDuration[0m
            [36m</label>[39m
            [36m<input[39m
              [33mclass[39m=[32m"mt-1 block w-full p-2 border border-gray-300 rounded-md focus:outline-none focus:ring-2 focus:ring-blue-500"[39m
              [33mid[39m=[32m"duration"[39m
              [33mtype[39m=[32m"text"[39m
              [33mvalue[39m=[32m"60"[39m
            [36m/>[39m
          [36m</div>[39m
          [36m<div[39m
            [33mclass[39m=[32m"mb-4"[39m
          [36m>[39m
            [36m<label[39m
              [33mclass[39m=[32m"block text-sm font-medium text-gray-700"[39m
              [33mfor[39m=[32m"exercises"[39m
            [36m>[39m
              [0mExercises[0m
            [36m</label>[39m
            [36m<input[39m
              [33mclass[39m=[32m"mt-1 block w-full p-2 border border-gray-300 rounded-md focus:outline-none focus:ring-2 focus:ring-blue-500"[39m
              [33mid[39m=[32m"exercises"[39m
              [33mtype[39m=[32m"text"[39m
              [33mvalue[39m=[32m"Bench Press"[39m
            [36m/>[39m
          [36m</div>[39m
          [36m<button[39m
            [33mclass[39m=[32m"w-full bg-blue-500 text-white p-2 rounded-md hover:bg-blue-600 mb-2 disabled:bg-gray-400"[39m
            [33mdisabled[39m=[32m""[39m
            [33mtype[39m=[32m"submit"[39m
          [36m>[39m
            [0mSaving...[0m
          [36m</button>[39m
          [36m<button[39m
            [33mclass[39m=[32m"w-full bg-gray-500 text-white p-2 rounded-md hover:bg-gray-600"[39m
            [33mtype[39m=[32m"button"[39m
          [36m>[39m
            [0mCancel[0m
          [36m</button>[39m
        [36m</form>[39m
      [36m</div>[39m
    [36m</div>[39m
  [36m</div>[39m
[36m</body>[39m

Ignored nodes: comments, script, style
[36m<html>[39m
  [36m<head />[39m
  [36m<body>[39m
    [36m<div>[39m
      [36m<div[39m
        [33mclass[39m=[32m"flex items-center justify-center min-h-screen bg-gray-100"[39m
      [36m>[39m
        [36m<div[39m
          [33mclass[39m=[32m"bg-white p-6 rounded-lg shadow-md w-full max-w-sm"[39m
        [36m>[39m
          [36m<h2[39m
            [33mclass[39m=[32m"text-2xl font-bold mb-4 text-center"[39m
          [36m>[39m
            [0mCreate Workout[0m
          [36m</h2>[39m
          [36m<form>[39m
            [36m<div[39m
              [33mclass[39m=[32m"mb-4"[39m
            [36m>[39m
              [36m<label[39m
                [33mclass[39m=[32m"block text-sm font-medium text-gray-700"[39m
                [33mfor[39m=[32m"date"[39m
              [36m>[39m
                [0mDate[0m
              [36m</label>[39m
              [36m<input[39m
                [33mclass[39m=[32m"mt-1 block w-full p-2 border border-gray-300 rounded-md focus:outline-none focus:ring-2 focus:ring-blue-500"[39m
                [33mid[39m=[32m"date"[39m
                [33mrequired[39m=[32m""[39m
                [33mtype[39m=[32m"text"[39m
                [33mvalue[39m=[32m"2025-05-18"[39m
              [36m/>[39m
            [36m</div>[39m
            [36m<div[39m
              [33mclass[39m=[32m"mb-4"[39m
            [36m>[39m
              [36m<label[39m
                [33mclass[39m=[32m"block text-sm font-medium text-gray-700"[39m
                [33mfor[39m=[32m"type"[39m
              [36m>[39m
                [0mType[0m
              [36m</label>[39m
              [36m<input[39m
                [33mclass[39m=[32m"mt-1 block w-full p-2 border border-gray-300 rounded-md focus:outline-none focus:ring-2 focus:ring-blue-500"[39m
                [33mid[39m=[32m"type"[39m
                [33mtype[39m=[32m"text"[39m
                [33mvalue[39m=[32m"Strength"[39m
              [36m/>[39m
            [36m</div>[39m
            [36m<div[39m
              [33mclass[39m=[32m"mb-4"[39m
            [36m>[39m
              [36m<label[39m
                [33mclass[39m=[32m"block text-sm font-medium text-gray-700"[39m
                [33mfor[39m=[32m"duration"[39m
              [36m>[39m
                [0mDuration[0m
              [36m</label>[39m
              [36m<input[39m
                [33mclass[39m=[32m"mt-1 block w-full p-2 border border-gray-300 rounded-md focus:outline-none focus:ring-2 focus:ring-blue-500"[39m
                [33mid[39m=[32m"duration"[39m
                [33mtype[39m=[32m"text"[39m
                [33mvalue[39m=[32m"60"[39m
              [36m/>[39m
            [36m</div>[39m
            [36m<div[39m
              [33mclass[39m=[32m"mb-4"[39m
            [36m>[39m
              [36m<label[39m
                [33mclass[39m=[32m"block text-sm font-medium text-gray-700"[39m
                [33mfor[39m=[32m"exercises"[39m
              [36m>[39m
                [0mExercises[0m
              [36m</label>[39m
              [36m<input[39m
                [33mclass[39m=[32m"mt-1 block w-full p-2 border border-gray-300 rounded-md focus:outline-none focus:ring-2 focus:ring-blue-500"[39m
                [33mid[39m=[32m"exercises"[39m
                [33mtype[39m=[32m"text"[39m
                [33mvalue[39m=[32m"Bench Press"[39m
              [36m/>[39m
            [36m</div>[39m
            [36m<button[39m
              [33mclass[39m=[32m"w-full bg-blue-500 text-white p-2 rounded-md hover:bg-blue-600 mb-2 disabled:bg-gray-400"[39m
              [33mdisabled[39m=[32m""[39m
              [33mtype[39m=[32m"submit"[39m
            [36m>[39m
              [0mSaving...[0m
            [36m</button>[39m
            [36m<button[39m
              [33mclass[39m=[32m"w-full bg-gray-500 text-white p-2 rounded-md hover:bg-gray-600"[39m
              [33mtype[39m=[32m"button"[39m
            [36m>[39m
              [0mCancel[0m
            [36m</button>[39m
          [36m</form>[39m
        [36m</div>[39m
      [36m</div>[39m
    [36m</div>[39m
  [36m</body>[39m
[36m</html>[39m
   × CreateWorkout > displays validation errors for invalid input 1014ms
     → Unable to find an element with the text: Duration must be a number. This could be because the text is broken up by multiple elements. In this case, you can provide a function for your text matcher to make your matcher more flexible.

Ignored nodes: comments, script, style
[36m<body>[39m
  [36m<div>[39m
    [36m<div[39m
      [33mclass[39m=[32m"flex items-center justify-center min-h-screen bg-gray-100"[39m
    [36m>[39m
      [36m<div[39m
        [33mclass[39m=[32m"bg-white p-6 rounded-lg shadow-md w-full max-w-sm"[39m
      [36m>[39m
        [36m<h2[39m
          [33mclass[39m=[32m"text-2xl font-bold mb-4 text-center"[39m
        [36m>[39m
          [0mCreate Workout[0m
        [36m</h2>[39m
        [36m<p[39m
          [33mclass[39m=[32m"text-red-500 mb-4"[39m
        [36m>[39m
          [0mInvalid date format[0m
        [36m</p>[39m
        [36m<form>[39m
          [36m<div[39m
            [33mclass[39m=[32m"mb-4"[39m
          [36m>[39m
            [36m<label[39m
              [33mclass[39m=[32m"block text-sm font-medium text-gray-700"[39m
              [33mfor[39m=[32m"date"[39m
            [36m>[39m
              [0mDate[0m
            [36m</label>[39m
            [36m<input[39m
              [33mclass[39m=[32m"mt-1 block w-full p-2 border border-gray-300 rounded-md focus:outline-none focus:ring-2 focus:ring-blue-500"[39m
              [33mid[39m=[32m"date"[39m
              [33mrequired[39m=[32m""[39m
              [33mtype[39m=[32m"text"[39m
              [33mvalue[39m=[32m"invalid-date"[39m
            [36m/>[39m
          [36m</div>[39m
          [36m<div[39m
            [33mclass[39m=[32m"mb-4"[39m
          [36m>[39m
            [36m<label[39m
              [33mclass[39m=[32m"block text-sm font-medium text-gray-700"[39m
              [33mfor[39m=[32m"type"[39m
            [36m>[39m
              [0mType[0m
            [36m</label>[39m
            [36m<input[39m
              [33mclass[39m=[32m"mt-1 block w-full p-2 border border-gray-300 rounded-md focus:outline-none focus:ring-2 focus:ring-blue-500"[39m
              [33mid[39m=[32m"type"[39m
              [33mtype[39m=[32m"text"[39m
              [33mvalue[39m=[32m""[39m
            [36m/>[39m
          [36m</div>[39m
          [36m<div[39m
            [33mclass[39m=[32m"mb-4"[39m
          [36m>[39m
            [36m<label[39m
              [33mclass[39m=[32m"block text-sm font-medium text-gray-700"[39m
              [33mfor[39m=[32m"duration"[39m
            [36m>[39m
              [0mDuration[0m
            [36m</label>[39m
            [36m<input[39m
              [33mclass[39m=[32m"mt-1 block w-full p-2 border border-gray-300 rounded-md focus:outline-none focus:ring-2 focus:ring-blue-500"[39m
              [33mid[39m=[32m"duration"[39m
              [33mtype[39m=[32m"text"[39m
              [33mvalue[39m=[32m"abc"[39m
            [36m/>[39m
          [36m</div>[39m
          [36m<div[39m
            [33mclass[39m=[32m"mb-4"[39m
          [36m>[39m
            [36m<label[39m
              [33mclass[39m=[32m"block text-sm font-medium text-gray-700"[39m
              [33mfor[39m=[32m"exercises"[39m
            [36m>[39m
              [0mExercises[0m
            [36m</label>[39m
            [36m<input[39m
              [33mclass[39m=[32m"mt-1 block w-full p-2 border border-gray-300 rounded-md focus:outline-none focus:ring-2 focus:ring-blue-500"[39m
              [33mid[39m=[32m"exercises"[39m
              [33mtype[39m=[32m"text"[39m
              [33mvalue[39m=[32m""[39m
            [36m/>[39m
          [36m</div>[39m
          [36m<button[39m
            [33mclass[39m=[32m"w-full bg-blue-500 text-white p-2 rounded-md hover:bg-blue-600 mb-2 disabled:bg-gray-400"[39m
            [33mtype[39m=[32m"submit"[39m
          [36m>[39m
            [0mSave[0m
          [36m</button>[39m
          [36m<button[39m
            [33mclass[39m=[32m"w-full bg-gray-500 text-white p-2 rounded-md hover:bg-gray-600"[39m
            [33mtype[39m=[32m"button"[39m
          [36m>[39m
            [0mCancel[0m
          [36m</button>[39m
        [36m</form>[39m
      [36m</div>[39m
    [36m</div>[39m
  [36m</div>[39m
[36m</body>[39m

Ignored nodes: comments, script, style
[36m<html>[39m
  [36m<head />[39m
  [36m<body>[39m
    [36m<div>[39m
      [36m<div[39m
        [33mclass[39m=[32m"flex items-center justify-center min-h-screen bg-gray-100"[39m
      [36m>[39m
        [36m<div[39m
          [33mclass[39m=[32m"bg-white p-6 rounded-lg shadow-md w-full max-w-sm"[39m
        [36m>[39m
          [36m<h2[39m
            [33mclass[39m=[32m"text-2xl font-bold mb-4 text-center"[39m
          [36m>[39m
            [0mCreate Workout[0m
          [36m</h2>[39m
          [36m<p[39m
            [33mclass[39m=[32m"text-red-500 mb-4"[39m
          [36m>[39m
            [0mInvalid date format[0m
          [36m</p>[39m
          [36m<form>[39m
            [36m<div[39m
              [33mclass[39m=[32m"mb-4"[39m
            [36m>[39m
              [36m<label[39m
                [33mclass[39m=[32m"block text-sm font-medium text-gray-700"[39m
                [33mfor[39m=[32m"date"[39m
              [36m>[39m
                [0mDate[0m
              [36m</label>[39m
              [36m<input[39m
                [33mclass[39m=[32m"mt-1 block w-full p-2 border border-gray-300 rounded-md focus:outline-none focus:ring-2 focus:ring-blue-500"[39m
                [33mid[39m=[32m"date"[39m
                [33mrequired[39m=[32m""[39m
                [33mtype[39m=[32m"text"[39m
                [33mvalue[39m=[32m"invalid-date"[39m
              [36m/>[39m
            [36m</div>[39m
            [36m<div[39m
              [33mclass[39m=[32m"mb-4"[39m
            [36m>[39m
              [36m<label[39m
                [33mclass[39m=[32m"block text-sm font-medium text-gray-700"[39m
                [33mfor[39m=[32m"type"[39m
              [36m>[39m
                [0mType[0m
              [36m</label>[39m
              [36m<input[39m
                [33mclass[39m=[32m"mt-1 block w-full p-2 border border-gray-300 rounded-md focus:outline-none focus:ring-2 focus:ring-blue-500"[39m
                [33mid[39m=[32m"type"[39m
                [33mtype[39m=[32m"text"[39m
                [33mvalue[39m=[32m""[39m
              [36m/>[39m
            [36m</div>[39m
            [36m<div[39m
              [33mclass[39m=[32m"mb-4"[39m
            [36m>[39m
              [36m<label[39m
                [33mclass[39m=[32m"block text-sm font-medium text-gray-700"[39m
                [33mfor[39m=[32m"duration"[39m
              [36m>[39m
                [0mDuration[0m
              [36m</label>[39m
              [36m<input[39m
                [33mclass[39m=[32m"mt-1 block w-full p-2 border border-gray-300 rounded-md focus:outline-none focus:ring-2 focus:ring-blue-500"[39m
                [33mid[39m=[32m"duration"[39m
                [33mtype[39m=[32m"text"[39m
                [33mvalue[39m=[32m"abc"[39m
              [36m/>[39m
            [36m</div>[39m
            [36m<div[39m
              [33mclass[39m=[32m"mb-4"[39m
            [36m>[39m
              [36m<label[39m
                [33mclass[39m=[32m"block text-sm font-medium text-gray-700"[39m
                [33mfor[39m=[32m"exercises"[39m
              [36m>[39m
                [0mExercises[0m
              [36m</label>[39m
              [36m<input[39m
                [33mclass[39m=[32m"mt-1 block w-full p-2 border border-gray-300 rounded-md focus:outline-none focus:ring-2 focus:ring-blue-500"[39m
                [33mid[39m=[32m"exercises"[39m
                [33mtype[39m=[32m"text"[39m
                [33mvalue[39m=[32m""[39m
              [36m/>[39m
            [36m</div>[39m
            [36m<button[39m
              [33mclass[39m=[32m"w-full bg-blue-500 text-white p-2 rounded-md hover:bg-blue-600 mb-2 disabled:bg-gray-400"[39m
              [33mtype[39m=[32m"submit"[39m
            [36m>[39m
              [0mSave[0m
            [36m</button>[39m
            [36m<button[39m
              [33mclass[39m=[32m"w-full bg-gray-500 text-white p-2 rounded-md hover:bg-gray-600"[39m
              [33mtype[39m=[32m"button"[39m
            [36m>[39m
              [0mCancel[0m
            [36m</button>[39m
          [36m</form>[39m
        [36m</div>[39m
      [36m</div>[39m
    [36m</div>[39m
  [36m</body>[39m
[36m</html>[39m
   × CreateWorkout > disables the "Save" button while the API call is in progress 1014ms
     → [2mexpect([22m[31melement[39m[2m).not.toBeDisabled()[22m

Received element is disabled:
  [31m<button
  class="w-full bg-blue-500 text-white p-2 rounded-md hover:bg-blue-600 mb-2 disabled:bg-gray-400"
  disabled=""
  type="submit"
/>[39m

Ignored nodes: comments, script, style
[36m<html>[39m
  [36m<head />[39m
  [36m<body>[39m
    [36m<div>[39m
      [36m<div[39m
        [33mclass[39m=[32m"flex items-center justify-center min-h-screen bg-gray-100"[39m
      [36m>[39m
        [36m<div[39m
          [33mclass[39m=[32m"bg-white p-6 rounded-lg shadow-md w-full max-w-sm"[39m
        [36m>[39m
          [36m<h2[39m
            [33mclass[39m=[32m"text-2xl font-bold mb-4 text-center"[39m
          [36m>[39m
            [0mCreate Workout[0m
          [36m</h2>[39m
          [36m<form>[39m
            [36m<div[39m
              [33mclass[39m=[32m"mb-4"[39m
            [36m>[39m
              [36m<label[39m
                [33mclass[39m=[32m"block text-sm font-medium text-gray-700"[39m
                [33mfor[39m=[32m"date"[39m
              [36m>[39m
                [0mDate[0m
              [36m</label>[39m
              [36m<input[39m
                [33mclass[39m=[32m"mt-1 block w-full p-2 border border-gray-300 rounded-md focus:outline-none focus:ring-2 focus:ring-blue-500"[39m
                [33mid[39m=[32m"date"[39m
                [33mrequired[39m=[32m""[39m
                [33mtype[39m=[32m"text"[39m
                [33mvalue[39m=[32m"2025-05-18"[39m
              [36m/>[39m
            [36m</div>[39m
            [36m<div[39m
              [33mclass[39m=[32m"mb-4"[39m
            [36m>[39m
              [36m<label[39m
                [33mclass[39m=[32m"block text-sm font-medium text-gray-700"[39m
                [33mfor[39m=[32m"type"[39m
              [36m>[39m
                [0mType[0m
              [36m</label>[39m
              [36m<input[39m
                [33mclass[39m=[32m"mt-1 block w-full p-2 border border-gray-300 rounded-md focus:outline-none focus:ring-2 focus:ring-blue-500"[39m
                [33mid[39m=[32m"type"[39m
                [33mtype[39m=[32m"text"[39m
                [33mvalue[39m=[32m""[39m
              [36m/>[39m
            [36m</div>[39m
            [36m<div[39m
              [33mclass[39m=[32m"mb-4"[39m
            [36m>[39m
              [36m<label[39m
                [33mclass[39m=[32m"block text-sm font-medium text-gray-700"[39m
                [33mfor[39m=[32m"duration"[39m
              [36m>[39m
                [0mDuration[0m
              [36m</label>[39m
              [36m<input[39m
                [33mclass[39m=[32m"mt-1 block w-full p-2 border border-gray-300 rounded-md focus:outline-none focus:ring-2 focus:ring-blue-500"[39m
                [33mid[39m=[32m"duration"[39m
                [33mtype[39m=[32m"text"[39m
                [33mvalue[39m=[32m""[39m
              [36m/>[39m
            [36m</div>[39m
            [36m<div[39m
              [33mclass[39m=[32m"mb-4"[39m
            [36m>[39m
              [36m<label[39m
                [33mclass[39m=[32m"block text-sm font-medium text-gray-700"[39m
                [33mfor[39m=[32m"exercises"[39m
              [36m>[39m
                [0mExercises[0m
              [36m</label>[39m
              [36m<input[39m
                [33mclass[39m=[32m"mt-1 block w-full p-2 border border-gray-300 rounded-md focus:outline-none focus:ring-2 focus:ring-blue-500"[39m
                [33mid[39m=[32m"exercises"[39m
                [33mtype[39m=[32m"text"[39m
                [33mvalue[39m=[32m""[39m
              [36m/>[39m
            [36m</div>[39m
            [36m<button[39m
              [33mclass[39m=[32m"w-full bg-blue-500 text-white p-2 rounded-md hover:bg-blue-600 mb-2 disabled:bg-gray-400"[39m
              [33mdisabled[39m=[32m""[39m
              [33mtype[39m=[32m"submit"[39m
            [36m>[39m
              [0mSaving...[0m
            [36m</button>[39m
            [36m<button[39m
              [33mclass[39m=[32m"w-full bg-gray-500 text-white p-2 rounded-md hover:bg-gray-600"[39m
              [33mtype[39m=[32m"button"[39m
            [36m>[39m
              [0mCancel[0m
            [36m</button>[39m
          [36m</form>[39m
        [36m</div>[39m
      [36m</div>[39m
    [36m</div>[39m
  [36m</body>[39m
[36m</html>[39m
   × CreateWorkout > displays a loading indicator while the API call is in progress 1013ms
     → [2mexpect([22m[31melement[39m[2m).not.toBeInTheDocument()[22m

[31mexpected document not to contain element, found <button
  class="w-full bg-blue-500 text-white p-2 rounded-md hover:bg-blue-600 mb-2 disabled:bg-gray-400"
  disabled=""
  type="submit"
>
  Saving...
</button> instead[39m

Ignored nodes: comments, script, style
[36m<html>[39m
  [36m<head />[39m
  [36m<body>[39m
    [36m<div>[39m
      [36m<div[39m
        [33mclass[39m=[32m"flex items-center justify-center min-h-screen bg-gray-100"[39m
      [36m>[39m
        [36m<div[39m
          [33mclass[39m=[32m"bg-white p-6 rounded-lg shadow-md w-full max-w-sm"[39m
        [36m>[39m
          [36m<h2[39m
            [33mclass[39m=[32m"text-2xl font-bold mb-4 text-center"[39m
          [36m>[39m
            [0mCreate Workout[0m
          [36m</h2>[39m
          [36m<form>[39m
            [36m<div[39m
              [33mclass[39m=[32m"mb-4"[39m
            [36m>[39m
              [36m<label[39m
                [33mclass[39m=[32m"block text-sm font-medium text-gray-700"[39m
                [33mfor[39m=[32m"date"[39m
              [36m>[39m
                [0mDate[0m
              [36m</label>[39m
              [36m<input[39m
                [33mclass[39m=[32m"mt-1 block w-full p-2 border border-gray-300 rounded-md focus:outline-none focus:ring-2 focus:ring-blue-500"[39m
                [33mid[39m=[32m"date"[39m
                [33mrequired[39m=[32m""[39m
                [33mtype[39m=[32m"text"[39m
                [33mvalue[39m=[32m"2025-05-18"[39m
              [36m/>[39m
            [36m</div>[39m
            [36m<div[39m
              [33mclass[39m=[32m"mb-4"[39m
            [36m>[39m
              [36m<label[39m
                [33mclass[39m=[32m"block text-sm font-medium text-gray-700"[39m
                [33mfor[39m=[32m"type"[39m
              [36m>[39m
                [0mType[0m
              [36m</label>[39m
              [36m<input[39m
                [33mclass[39m=[32m"mt-1 block w-full p-2 border border-gray-300 rounded-md focus:outline-none focus:ring-2 focus:ring-blue-500"[39m
                [33mid[39m=[32m"type"[39m
                [33mtype[39m=[32m"text"[39m
                [33mvalue[39m=[32m""[39m
              [36m/>[39m
            [36m</div>[39m
            [36m<div[39m
              [33mclass[39m=[32m"mb-4"[39m
            [36m>[39m
              [36m<label[39m
                [33mclass[39m=[32m"block text-sm font-medium text-gray-700"[39m
                [33mfor[39m=[32m"duration"[39m
              [36m>[39m
                [0mDuration[0m
              [36m</label>[39m
              [36m<input[39m
                [33mclass[39m=[32m"mt-1 block w-full p-2 border border-gray-300 rounded-md focus:outline-none focus:ring-2 focus:ring-blue-500"[39m
                [33mid[39m=[32m"duration"[39m
                [33mtype[39m=[32m"text"[39m
                [33mvalue[39m=[32m""[39m
              [36m/>[39m
            [36m</div>[39m
            [36m<div[39m
              [33mclass[39m=[32m"mb-4"[39m
            [36m>[39m
              [36m<label[39m
                [33mclass[39m=[32m"block text-sm font-medium text-gray-700"[39m
                [33mfor[39m=[32m"exercises"[39m
              [36m>[39m
                [0mExercises[0m
              [36m</label>[39m
              [36m<input[39m
                [33mclass[39m=[32m"mt-1 block w-full p-2 border border-gray-300 rounded-md focus:outline-none focus:ring-2 focus:ring-blue-500"[39m
                [33mid[39m=[32m"exercises"[39m
                [33mtype[39m=[32m"text"[39m
                [33mvalue[39m=[32m""[39m
              [36m/>[39m
            [36m</div>[39m
            [36m<button[39m
              [33mclass[39m=[32m"w-full bg-blue-500 text-white p-2 rounded-md hover:bg-blue-600 mb-2 disabled:bg-gray-400"[39m
              [33mdisabled[39m=[32m""[39m
              [33mtype[39m=[32m"submit"[39m
            [36m>[39m
              [0mSaving...[0m
            [36m</button>[39m
            [36m<button[39m
              [33mclass[39m=[32m"w-full bg-gray-500 text-white p-2 rounded-md hover:bg-gray-600"[39m
              [33mtype[39m=[32m"button"[39m
            [36m>[39m
              [0mCancel[0m
            [36m</button>[39m
          [36m</form>[39m
        [36m</div>[39m
      [36m</div>[39m
    [36m</div>[39m
  [36m</body>[39m
[36m</html>[39m
   × CreateWorkout > handles errors during workout creation 1013ms
     → Unable to find an element with the text: Error creating workout: Creation error. This could be because the text is broken up by multiple elements. In this case, you can provide a function for your text matcher to make your matcher more flexible.

Ignored nodes: comments, script, style
[36m<body>[39m
  [36m<div>[39m
    [36m<div[39m
      [33mclass[39m=[32m"flex items-center justify-center min-h-screen bg-gray-100"[39m
    [36m>[39m
      [36m<div[39m
        [33mclass[39m=[32m"bg-white p-6 rounded-lg shadow-md w-full max-w-sm"[39m
      [36m>[39m
        [36m<h2[39m
          [33mclass[39m=[32m"text-2xl font-bold mb-4 text-center"[39m
        [36m>[39m
          [0mCreate Workout[0m
        [36m</h2>[39m
        [36m<form>[39m
          [36m<div[39m
            [33mclass[39m=[32m"mb-4"[39m
          [36m>[39m
            [36m<label[39m
              [33mclass[39m=[32m"block text-sm font-medium text-gray-700"[39m
              [33mfor[39m=[32m"date"[39m
            [36m>[39m
              [0mDate[0m
            [36m</label>[39m
            [36m<input[39m
              [33mclass[39m=[32m"mt-1 block w-full p-2 border border-gray-300 rounded-md focus:outline-none focus:ring-2 focus:ring-blue-500"[39m
              [33mid[39m=[32m"date"[39m
              [33mrequired[39m=[32m""[39m
              [33mtype[39m=[32m"text"[39m
              [33mvalue[39m=[32m"2025-05-18"[39m
            [36m/>[39m
          [36m</div>[39m
          [36m<div[39m
            [33mclass[39m=[32m"mb-4"[39m
          [36m>[39m
            [36m<label[39m
              [33mclass[39m=[32m"block text-sm font-medium text-gray-700"[39m
              [33mfor[39m=[32m"type"[39m
            [36m>[39m
              [0mType[0m
            [36m</label>[39m
            [36m<input[39m
              [33mclass[39m=[32m"mt-1 block w-full p-2 border border-gray-300 rounded-md focus:outline-none focus:ring-2 focus:ring-blue-500"[39m
              [33mid[39m=[32m"type"[39m
              [33mtype[39m=[32m"text"[39m
              [33mvalue[39m=[32m""[39m
            [36m/>[39m
          [36m</div>[39m
          [36m<div[39m
            [33mclass[39m=[32m"mb-4"[39m
          [36m>[39m
            [36m<label[39m
              [33mclass[39m=[32m"block text-sm font-medium text-gray-700"[39m
              [33mfor[39m=[32m"duration"[39m
            [36m>[39m
              [0mDuration[0m
            [36m</label>[39m
            [36m<input[39m
              [33mclass[39m=[32m"mt-1 block w-full p-2 border border-gray-300 rounded-md focus:outline-none focus:ring-2 focus:ring-blue-500"[39m
              [33mid[39m=[32m"duration"[39m
              [33mtype[39m=[32m"text"[39m
              [33mvalue[39m=[32m""[39m
            [36m/>[39m
          [36m</div>[39m
          [36m<div[39m
            [33mclass[39m=[32m"mb-4"[39m
          [36m>[39m
            [36m<label[39m
              [33mclass[39m=[32m"block text-sm font-medium text-gray-700"[39m
              [33mfor[39m=[32m"exercises"[39m
            [36m>[39m
              [0mExercises[0m
            [36m</label>[39m
            [36m<input[39m
              [33mclass[39m=[32m"mt-1 block w-full p-2 border border-gray-300 rounded-md focus:outline-none focus:ring-2 focus:ring-blue-500"[39m
              [33mid[39m=[32m"exercises"[39m
              [33mtype[39m=[32m"text"[39m
              [33mvalue[39m=[32m""[39m
            [36m/>[39m
          [36m</div>[39m
          [36m<button[39m
            [33mclass[39m=[32m"w-full bg-blue-500 text-white p-2 rounded-md hover:bg-blue-600 mb-2 disabled:bg-gray-400"[39m
            [33mdisabled[39m=[32m""[39m
            [33mtype[39m=[32m"submit"[39m
          [36m>[39m
            [0mSaving...[0m
          [36m</button>[39m
          [36m<button[39m
            [33mclass[39m=[32m"w-full bg-gray-500 text-white p-2 rounded-md hover:bg-gray-600"[39m
            [33mtype[39m=[32m"button"[39m
          [36m>[39m
            [0mCancel[0m
          [36m</button>[39m
        [36m</form>[39m
      [36m</div>[39m
    [36m</div>[39m
  [36m</div>[39m
[36m</body>[39m

Ignored nodes: comments, script, style
[36m<html>[39m
  [36m<head />[39m
  [36m<body>[39m
    [36m<div>[39m
      [36m<div[39m
        [33mclass[39m=[32m"flex items-center justify-center min-h-screen bg-gray-100"[39m
      [36m>[39m
        [36m<div[39m
          [33mclass[39m=[32m"bg-white p-6 rounded-lg shadow-md w-full max-w-sm"[39m
        [36m>[39m
          [36m<h2[39m
            [33mclass[39m=[32m"text-2xl font-bold mb-4 text-center"[39m
          [36m>[39m
            [0mCreate Workout[0m
          [36m</h2>[39m
          [36m<form>[39m
            [36m<div[39m
              [33mclass[39m=[32m"mb-4"[39m
            [36m>[39m
              [36m<label[39m
                [33mclass[39m=[32m"block text-sm font-medium text-gray-700"[39m
                [33mfor[39m=[32m"date"[39m
              [36m>[39m
                [0mDate[0m
              [36m</label>[39m
              [36m<input[39m
                [33mclass[39m=[32m"mt-1 block w-full p-2 border border-gray-300 rounded-md focus:outline-none focus:ring-2 focus:ring-blue-500"[39m
                [33mid[39m=[32m"date"[39m
                [33mrequired[39m=[32m""[39m
                [33mtype[39m=[32m"text"[39m
                [33mvalue[39m=[32m"2025-05-18"[39m
              [36m/>[39m
            [36m</div>[39m
            [36m<div[39m
              [33mclass[39m=[32m"mb-4"[39m
            [36m>[39m
              [36m<label[39m
                [33mclass[39m=[32m"block text-sm font-medium text-gray-700"[39m
                [33mfor[39m=[32m"type"[39m
              [36m>[39m
                [0mType[0m
              [36m</label>[39m
              [36m<input[39m
                [33mclass[39m=[32m"mt-1 block w-full p-2 border border-gray-300 rounded-md focus:outline-none focus:ring-2 focus:ring-blue-500"[39m
                [33mid[39m=[32m"type"[39m
                [33mtype[39m=[32m"text"[39m
                [33mvalue[39m=[32m""[39m
              [36m/>[39m
            [36m</div>[39m
            [36m<div[39m
              [33mclass[39m=[32m"mb-4"[39m
            [36m>[39m
              [36m<label[39m
                [33mclass[39m=[32m"block text-sm font-medium text-gray-700"[39m
                [33mfor[39m=[32m"duration"[39m
              [36m>[39m
                [0mDuration[0m
              [36m</label>[39m
              [36m<input[39m
                [33mclass[39m=[32m"mt-1 block w-full p-2 border border-gray-300 rounded-md focus:outline-none focus:ring-2 focus:ring-blue-500"[39m
                [33mid[39m=[32m"duration"[39m
                [33mtype[39m=[32m"text"[39m
                [33mvalue[39m=[32m""[39m
              [36m/>[39m
            [36m</div>[39m
            [36m<div[39m
              [33mclass[39m=[32m"mb-4"[39m
            [36m>[39m
              [36m<label[39m
                [33mclass[39m=[32m"block text-sm font-medium text-gray-700"[39m
                [33mfor[39m=[32m"exercises"[39m
              [36m>[39m
                [0mExercises[0m
              [36m</label>[39m
              [36m<input[39m
                [33mclass[39m=[32m"mt-1 block w-full p-2 border border-gray-300 rounded-md focus:outline-none focus:ring-2 focus:ring-blue-500"[39m
                [33mid[39m=[32m"exercises"[39m
                [33mtype[39m=[32m"text"[39m
                [33mvalue[39m=[32m""[39m
              [36m/>[39m
            [36m</div>[39m
            [36m<button[39m
              [33mclass[39m=[32m"w-full bg-blue-500 text-white p-2 rounded-md hover:bg-blue-600 mb-2 disabled:bg-gray-400"[39m
              [33mdisabled[39m=[32m""[39m
              [33mtype[39m=[32m"submit"[39m
            [36m>[39m
              [0mSaving...[0m
            [36m</button>[39m
            [36m<button[39m
              [33mclass[39m=[32m"w-full bg-gray-500 text-white p-2 rounded-md hover:bg-gray-600"[39m
              [33mtype[39m=[32m"button"[39m
            [36m>[39m
              [0mCancel[0m
            [36m</button>[39m
          [36m</form>[39m
        [36m</div>[39m
      [36m</div>[39m
    [36m</div>[39m
  [36m</body>[39m
[36m</html>[39m
   × CreateWorkout > clears the input fields after successful workout creation 1013ms
     → [2mexpect([22m[31melement[39m[2m).toHaveValue()[22m

Expected the element to have value:
[32m[39m
Received:
[31m  2025-05-18[39m

Ignored nodes: comments, script, style
[36m<html>[39m
  [36m<head />[39m
  [36m<body>[39m
    [36m<div>[39m
      [36m<div[39m
        [33mclass[39m=[32m"flex items-center justify-center min-h-screen bg-gray-100"[39m
      [36m>[39m
        [36m<div[39m
          [33mclass[39m=[32m"bg-white p-6 rounded-lg shadow-md w-full max-w-sm"[39m
        [36m>[39m
          [36m<h2[39m
            [33mclass[39m=[32m"text-2xl font-bold mb-4 text-center"[39m
          [36m>[39m
            [0mCreate Workout[0m
          [36m</h2>[39m
          [36m<form>[39m
            [36m<div[39m
              [33mclass[39m=[32m"mb-4"[39m
            [36m>[39m
              [36m<label[39m
                [33mclass[39m=[32m"block text-sm font-medium text-gray-700"[39m
                [33mfor[39m=[32m"date"[39m
              [36m>[39m
                [0mDate[0m
              [36m</label>[39m
              [36m<input[39m
                [33mclass[39m=[32m"mt-1 block w-full p-2 border border-gray-300 rounded-md focus:outline-none focus:ring-2 focus:ring-blue-500"[39m
                [33mid[39m=[32m"date"[39m
                [33mrequired[39m=[32m""[39m
                [33mtype[39m=[32m"text"[39m
                [33mvalue[39m=[32m"2025-05-18"[39m
              [36m/>[39m
            [36m</div>[39m
            [36m<div[39m
              [33mclass[39m=[32m"mb-4"[39m
            [36m>[39m
              [36m<label[39m
                [33mclass[39m=[32m"block text-sm font-medium text-gray-700"[39m
                [33mfor[39m=[32m"type"[39m
              [36m>[39m
                [0mType[0m
              [36m</label>[39m
              [36m<input[39m
                [33mclass[39m=[32m"mt-1 block w-full p-2 border border-gray-300 rounded-md focus:outline-none focus:ring-2 focus:ring-blue-500"[39m
                [33mid[39m=[32m"type"[39m
                [33mtype[39m=[32m"text"[39m
                [33mvalue[39m=[32m""[39m
              [36m/>[39m
            [36m</div>[39m
            [36m<div[39m
              [33mclass[39m=[32m"mb-4"[39m
            [36m>[39m
              [36m<label[39m
                [33mclass[39m=[32m"block text-sm font-medium text-gray-700"[39m
                [33mfor[39m=[32m"duration"[39m
              [36m>[39m
                [0mDuration[0m
              [36m</label>[39m
              [36m<input[39m
                [33mclass[39m=[32m"mt-1 block w-full p-2 border border-gray-300 rounded-md focus:outline-none focus:ring-2 focus:ring-blue-500"[39m
                [33mid[39m=[32m"duration"[39m
                [33mtype[39m=[32m"text"[39m
                [33mvalue[39m=[32m""[39m
              [36m/>[39m
            [36m</div>[39m
            [36m<div[39m
              [33mclass[39m=[32m"mb-4"[39m
            [36m>[39m
              [36m<label[39m
                [33mclass[39m=[32m"block text-sm font-medium text-gray-700"[39m
                [33mfor[39m=[32m"exercises"[39m
              [36m>[39m
                [0mExercises[0m
              [36m</label>[39m
              [36m<input[39m
                [33mclass[39m=[32m"mt-1 block w-full p-2 border border-gray-300 rounded-md focus:outline-none focus:ring-2 focus:ring-blue-500"[39m
                [33mid[39m=[32m"exercises"[39m
                [33mtype[39m=[32m"text"[39m
                [33mvalue[39m=[32m""[39m
              [36m/>[39m
            [36m</div>[39m
            [36m<button[39m
              [33mclass[39m=[32m"w-full bg-blue-500 text-white p-2 rounded-md hover:bg-blue-600 mb-2 disabled:bg-gray-400"[39m
              [33mdisabled[39m=[32m""[39m
              [33mtype[39m=[32m"submit"[39m
            [36m>[39m
              [0mSaving...[0m
            [36m</button>[39m
            [36m<button[39m
              [33mclass[39m=[32m"w-full bg-gray-500 text-white p-2 rounded-md hover:bg-gray-600"[39m
              [33mtype[39m=[32m"button"[39m
            [36m>[39m
              [0mCancel[0m
            [36m</button>[39m
          [36m</form>[39m
        [36m</div>[39m
      [36m</div>[39m
    [36m</div>[39m
  [36m</body>[39m
[36m</html>[39m
   ✓ CreateWorkout > navigates back to the workout list page on "Cancel" button click 8ms
 ❯ src/components/WorkoutList/WorkoutList.test.tsx (23 tests | 21 failed) 15163ms
   × WorkoutList > renders without crashing 45ms
     → Unable to find an element with the text: Workout List. This could be because the text is broken up by multiple elements. In this case, you can provide a function for your text matcher to make your matcher more flexible.

Ignored nodes: comments, script, style
[36m<body>[39m
  [36m<div>[39m
    [36m<div>[39m
      [0mLoading...[0m
    [36m</div>[39m
  [36m</div>[39m
[36m</body>[39m
   ✓ WorkoutList > displays a loading state while fetching workouts 8ms
   × WorkoutList > displays a list of workouts fetched from the API 1011ms
     → Unable to find an element with the text: 2025-05-18. This could be because the text is broken up by multiple elements. In this case, you can provide a function for your text matcher to make your matcher more flexible.

Ignored nodes: comments, script, style
[36m<body>[39m
  [36m<div />[39m
[36m</body>[39m

Ignored nodes: comments, script, style
[36m<html>[39m
  [36m<head />[39m
  [36m<body>[39m
    [36m<div />[39m
  [36m</body>[39m
[36m</html>[39m
   × WorkoutList > displays a "No workouts found" message when the list is empty 1005ms
     → Unable to find an element with the text: No workouts found.. This could be because the text is broken up by multiple elements. In this case, you can provide a function for your text matcher to make your matcher more flexible.

Ignored nodes: comments, script, style
[36m<body>[39m
  [36m<div />[39m
[36m</body>[39m

Ignored nodes: comments, script, style
[36m<html>[39m
  [36m<head />[39m
  [36m<body>[39m
    [36m<div />[39m
  [36m</body>[39m
[36m</html>[39m
   × WorkoutList > renders each workout with its relevant details 1005ms
     → Unable to find an element with the text: 2025-05-18. This could be because the text is broken up by multiple elements. In this case, you can provide a function for your text matcher to make your matcher more flexible.

Ignored nodes: comments, script, style
[36m<body>[39m
  [36m<div />[39m
[36m</body>[39m

Ignored nodes: comments, script, style
[36m<html>[39m
  [36m<head />[39m
  [36m<body>[39m
    [36m<div />[39m
  [36m</body>[39m
[36m</html>[39m
   × WorkoutList > displays a button to navigate to the create workout page 3ms
     → Unable to find an element with the text: Create Workout. This could be because the text is broken up by multiple elements. In this case, you can provide a function for your text matcher to make your matcher more flexible.

Ignored nodes: comments, script, style
[36m<body>[39m
  [36m<div>[39m
    [36m<div>[39m
      [0mLoading...[0m
    [36m</div>[39m
  [36m</div>[39m
[36m</body>[39m
   × WorkoutList > displays an edit button for each workout 1003ms
     → Unable to find an element with the text: Edit. This could be because the text is broken up by multiple elements. In this case, you can provide a function for your text matcher to make your matcher more flexible.

Ignored nodes: comments, script, style
[36m<body>[39m
  [36m<div />[39m
[36m</body>[39m

Ignored nodes: comments, script, style
[36m<html>[39m
  [36m<head />[39m
  [36m<body>[39m
    [36m<div />[39m
  [36m</body>[39m
[36m</html>[39m
   × WorkoutList > displays a delete button for each workout 1005ms
     → Unable to find an element with the text: Delete. This could be because the text is broken up by multiple elements. In this case, you can provide a function for your text matcher to make your matcher more flexible.

Ignored nodes: comments, script, style
[36m<body>[39m
  [36m<div />[39m
[36m</body>[39m

Ignored nodes: comments, script, style
[36m<html>[39m
  [36m<head />[39m
  [36m<body>[39m
    [36m<div />[39m
  [36m</body>[39m
[36m</html>[39m
   ✓ WorkoutList > calls the API to fetch workouts on component mount 8ms
   × WorkoutList > handles errors when fetching workouts 1004ms
     → Unable to find an element with the text: Error fetching workouts: Fetch error. This could be because the text is broken up by multiple elements. In this case, you can provide a function for your text matcher to make your matcher more flexible.

Ignored nodes: comments, script, style
[36m<body>[39m
  [36m<div />[39m
[36m</body>[39m

Ignored nodes: comments, script, style
[36m<html>[39m
  [36m<head />[39m
  [36m<body>[39m
    [36m<div />[39m
  [36m</body>[39m
[36m</html>[39m
   × WorkoutList > calls the API to delete the workout when the delete button is clicked 1006ms
     → Unable to find an element with the text: Delete. This could be because the text is broken up by multiple elements. In this case, you can provide a function for your text matcher to make your matcher more flexible.

Ignored nodes: comments, script, style
[36m<body>[39m
  [36m<div />[39m
[36m</body>[39m

Ignored nodes: comments, script, style
[36m<html>[39m
  [36m<head />[39m
  [36m<body>[39m
    [36m<div />[39m
  [36m</body>[39m
[36m</html>[39m
   × WorkoutList > re-fetches the workout list after successful deletion 1004ms
     → Unable to find an element with the text: Delete. This could be because the text is broken up by multiple elements. In this case, you can provide a function for your text matcher to make your matcher more flexible.

Ignored nodes: comments, script, style
[36m<body>[39m
  [36m<div />[39m
[36m</body>[39m

Ignored nodes: comments, script, style
[36m<html>[39m
  [36m<head />[39m
  [36m<body>[39m
    [36m<div />[39m
  [36m</body>[39m
[36m</html>[39m
   × WorkoutList > displays a confirmation dialog before deleting a workout 1004ms
     → Unable to find an element with the text: Delete. This could be because the text is broken up by multiple elements. In this case, you can provide a function for your text matcher to make your matcher more flexible.

Ignored nodes: comments, script, style
[36m<body>[39m
  [36m<div />[39m
[36m</body>[39m

Ignored nodes: comments, script, style
[36m<html>[39m
  [36m<head />[39m
  [36m<body>[39m
    [36m<div />[39m
  [36m</body>[39m
[36m</html>[39m
   × WorkoutList > handles errors during workout deletion 1006ms
     → Unable to find an element with the text: Delete. This could be because the text is broken up by multiple elements. In this case, you can provide a function for your text matcher to make your matcher more flexible.

Ignored nodes: comments, script, style
[36m<body>[39m
  [36m<div />[39m
[36m</body>[39m

Ignored nodes: comments, script, style
[36m<html>[39m
  [36m<head />[39m
  [36m<body>[39m
    [36m<div />[39m
  [36m</body>[39m
[36m</html>[39m
   × WorkoutList > disables the delete button while the API call is in progress 1004ms
     → Unable to find an element with the text: Delete. This could be because the text is broken up by multiple elements. In this case, you can provide a function for your text matcher to make your matcher more flexible.

Ignored nodes: comments, script, style
[36m<body>[39m
  [36m<div />[39m
[36m</body>[39m

Ignored nodes: comments, script, style
[36m<html>[39m
  [36m<head />[39m
  [36m<body>[39m
    [36m<div />[39m
  [36m</body>[39m
[36m</html>[39m
   × WorkoutList > displays a loading indicator during the delete operation 1005ms
     → Unable to find an element with the text: Delete. This could be because the text is broken up by multiple elements. In this case, you can provide a function for your text matcher to make your matcher more flexible.

Ignored nodes: comments, script, style
[36m<body>[39m
  [36m<div />[39m
[36m</body>[39m

Ignored nodes: comments, script, style
[36m<html>[39m
  [36m<head />[39m
  [36m<body>[39m
    [36m<div />[39m
  [36m</body>[39m
[36m</html>[39m
   × WorkoutList > allows adding multiple exercises to a workout 1005ms
     → Unable to find an element with the text: Bench Press. This could be because the text is broken up by multiple elements. In this case, you can provide a function for your text matcher to make your matcher more flexible.

Ignored nodes: comments, script, style
[36m<body>[39m
  [36m<div />[39m
[36m</body>[39m

Ignored nodes: comments, script, style
[36m<html>[39m
  [36m<head />[39m
  [36m<body>[39m
    [36m<div />[39m
  [36m</body>[39m
[36m</html>[39m
   × WorkoutList > displays details of each exercise within a workout 1008ms
     → Unable to find an element with the text: Bench Press. This could be because the text is broken up by multiple elements. In this case, you can provide a function for your text matcher to make your matcher more flexible.

Ignored nodes: comments, script, style
[36m<body>[39m
  [36m<div />[39m
[36m</body>[39m

Ignored nodes: comments, script, style
[36m<html>[39m
  [36m<head />[39m
  [36m<body>[39m
    [36m<div />[39m
  [36m</body>[39m
[36m</html>[39m
   × WorkoutList > validates the format of the workout date 1ms
     → CreateWorkout is not defined
   × WorkoutList > validates that the workout duration is a number 1ms
     → CreateWorkout is not defined
   × WorkoutList > filters workouts by date range 7ms
     → Unable to find a label with the text of: Filter by Date

Ignored nodes: comments, script, style
[36m<body>[39m
  [36m<div>[39m
    [36m<div>[39m
      [0mLoading...[0m
    [36m</div>[39m
  [36m</div>[39m
[36m</body>[39m
   × WorkoutList > sorts workouts by date 3ms
     → Unable to find an element with the text: Sort by Date. This could be because the text is broken up by multiple elements. In this case, you can provide a function for your text matcher to make your matcher more flexible.

Ignored nodes: comments, script, style
[36m<body>[39m
  [36m<div>[39m
    [36m<div>[39m
      [0mLoading...[0m
    [36m</div>[39m
  [36m</div>[39m
[36m</body>[39m
   × WorkoutList > displays a summary of workout statistics 1008ms
     → Unable to find an element with the text: Total Workouts: 2. This could be because the text is broken up by multiple elements. In this case, you can provide a function for your text matcher to make your matcher more flexible.

Ignored nodes: comments, script, style
[36m<body>[39m
  [36m<div />[39m
[36m</body>[39m

Ignored nodes: comments, script, style
[36m<html>[39m
  [36m<head />[39m
  [36m<body>[39m
    [36m<div />[39m
  [36m</body>[39m
[36m</html>[39m

 Test Files  3 failed | 5 passed (8)
      Tests  40 failed | 38 passed (78)
     Errors  36 errors
   Start at  08:10:26
   Duration  18.20s (transform 1.03s, setup 3.27s, collect 1.66s, tests 25.44s, environment 7.24s, prepare 1.82s)

 FAIL  Tests failed. Watching for file changes...
       press h to show help, press q to quit
Cancelling test run. Press CTRL+c again to exit forcefully.

info Visit https://yarnpkg.com/en/docs/cli/run for documentation about this command.
